{
  "id": "org_O648YDMEYeLmqdmn",
  "name": "ACME Inc.",
  "sub_domain": "acme",
  "infrastructure_domain": "infrastructure_domain",
  "personal": true,
  "created_at": 934933,
  "suspended": true,
  "managed": true,
  "billing_name": "billing_name",
  "address1": "address1",
  "address2": "address2",
  "address3": "address3",
  "address4": "address4",
  "postcode": "postcode",
  "vat_number": "vat_number",
  "currency": {
    "id": "id0"
  },
  "country": {
    "id": "id1"
  },
  "country_state": {
    "id": "id2"
  }
}
