{"id":"id","name":"name","resource_type":"virtual_machines","ip_address":{"address":"134.11.14.137"},"https_redirect":true,"backend_certificate":"--BEGIN CERT--\n--END CERT--","backend_certificate_key":"--BEGIN KEY--\n--END KEY--","resource":[{"type":"VirtualMachine","object":{"id":"id2"}},{"type":"VirtualMachine","object":{"id":"id3"}}]}
